// Jest Snapshot v1, https://goo.gl/fbAQLP

exports[`About Page Component should match with snapshot  1`] = `
<div>
  <h2>
    About
  </h2>
  <p>
    This app uses React, Redux, React Router, and many other helpful libraries.
  </p>
</div>
`;
